ID 0: EN(1) KO(1)
ID 1: EN(2) KO(1)
Mismatch at ID 1:
EN 0: _To Mrs.
EN 1: Saville, England._
KO 0: 영국에 있는 사빌 부인에게.
ID 2: EN(1) KO(1)
ID 3: EN(1) KO(2)
Mismatch at ID 3:
EN 0: So strange an accident has happened to us that I cannot forbear
recording it, although it is very probable that you will see me before
these papers can come into your possession.
KO 0: 너무나도 기이한 사건이 발생해서 차마 기록하지 않고는 견딜 수가 없습니다.
KO 1: 비록 이 종이들이 누님의 손에 들어가기 전에 제가 먼저 누님을 뵙게 될 가능성이 매우 크겠지만 말입니다.
ID 4: EN(3) KO(3)
ID 5: EN(5) KO(5)
ID 6: EN(4) KO(3)
Mismatch at ID 6:
EN 0: This appearance excited our unqualified wonder.
EN 1: We were, as we believed,
many hundred miles from any land;
EN 2: but this apparition seemed to denote that
it was not, in reality, so distant as we had supposed.
EN 3: Shut in, however, by
ice, it was impossible to follow his track, which we had observed with the
greatest attention.
KO 0: 이러한 출현은 우리의 조건 없는 경이로움을 불러일으켰습니다.
KO 1: 우리는 육지에서 수백 마일 떨어져 있다고 믿고 있었지만, 이 환영의 출현은 사실 육지가 우리가 상상했던 것만큼 멀리 있지 않다는 것을 의미하는 듯했습니다.
KO 2: 그러나 얼음에 갇혀 있었기에 우리가 가장 큰 주의를 기울여 관찰했던 그의 궤적을 쫓아가는 것은 불가능했습니다.
ID 7: EN(3) KO(3)
ID 8: EN(6) KO(7)
Mismatch at ID 8:
EN 0: In the morning, however, as soon as it was light, I went upon deck and
found all the sailors busy on one side of the vessel, apparently
talking to someone in the sea.
EN 1: It was, in fact, a sledge, like that we
had seen before, which had drifted towards us in the night on a large
fragment of ice.
EN 2: Only one dog remained alive;
EN 3: but there was a human
being within it whom the sailors were persuading to enter the vessel.
EN 4: He was not, as the other traveller seemed to be, a savage inhabitant of
some undiscovered island, but a European.
EN 5: When I appeared on deck the
master said, “Here is our captain, and he will not allow you to perish
on the open sea.”
KO 0: 그러나 아침에 날이 밝자마자 갑판으로 올라가 보니, 선원들이 모두 배의 한쪽에 모여 바다 속에 있는 누군가와 대화를 나누고 있는 듯했습니다.
KO 1: 사실 그것은 우리가 전에 보았던 것과 같은 썰매였는데, 밤사이에 커다란 얼음 조각에 실려 우리 쪽으로 떠밀려온 것이었습니다.
KO 2: 개는 단 한 마리만 살아남아 있었지만, 그 안에는 선원들이 배로 들어오라고 설득하고 있는 한 인간이 있었습니다.
KO 3: 그는 다른 여행자가 보였던 미지의 섬에 사는 야만적인 원주민이 아니라 유럽인이었습니다.
KO 4: 제가 갑판에 나타나자 선장이 말했습니다.
KO 5: "여기 우리 선장님이 계십니다.
KO 6: 당신이 넓은 바다에서 죽어가는 것을 허락하지 않으실 겁니다."
ID 9: EN(2) KO(2)
ID 10: EN(2) KO(2)
ID 11: EN(9) KO(9)
ID 12: EN(4) KO(5)
Mismatch at ID 12:
EN 0: Two days passed in this manner before he was able to speak, and I often
feared that his sufferings had deprived him of understanding.
EN 1: When he
had in some measure recovered, I removed him to my own cabin and
attended on him as much as my duty would permit.
EN 2: I never saw a more
interesting creature: his eyes have generally an expression of
wildness, and even madness, but there are moments when, if anyone
performs an act of kindness towards him or does him any the most
trifling service, his whole countenance is lighted up, as it were, with
a beam of benevolence and sweetness that I never saw equalled.
EN 3: But he
is generally melancholy and despairing, and sometimes he gnashes his
teeth, as if impatient of the weight of woes that oppresses him.
KO 0: 이런 상태로 이틀이 지난 후에야 그는 말을 할 수 있게 되었고, 저는 종종 그의 고통이 이성을 앗아간 것은 아닌지 두려웠습니다.
KO 1: 그가 어느 정도 회복되었을 때, 저는 그를 제 선실로 옮겨와 제 직무가 허락하는 한 최선을 다해 그를 보살폈습니다.
KO 2: 저는 이토록 흥미로운 사람을 본 적이 없습니다.
KO 3: 그의 눈에는 대개 야성적이고 심지어 광기 어린 표정마저 서려 있지만, 누군가 그에게 친절을 베풀거나 아무리 사소한 도움이라도 주면, 그의 온 얼굴이 한 줄기 자애로움과 다정함의 빛으로 환하게 밝아지는데 그보다 더 아름다운 미소를 저는 본 적이 없습니다.
KO 4: 하지만 그는 대체로 우울하고 절망에 빠져 있으며, 때로는 자신을 짓누르는 비애의 무게를 참을 수 없다는 듯 이를 갈기도 합니다.
ID 13: EN(3) KO(3)
ID 14: EN(1) KO(2)
Mismatch at ID 14:
EN 0: His countenance instantly assumed an aspect of the deepest gloom, and
he replied, “To seek one who fled from me.”
KO 0: 그의 안색은 순식간에 깊은 우울함으로 바뀌었고 그가 대답했습니다.
KO 1: "나에게서 도망친 자를 찾기 위해서였소."
ID 15: EN(1) KO(1)
ID 16: EN(1) KO(1)
ID 17: EN(1) KO(2)
Mismatch at ID 17:
EN 0: “Then I fancy we have seen him, for the day before we picked you up we
saw some dogs drawing a sledge, with a man in it, across the ice.”
KO 0: "그렇다면 우리가 그 사람을 본 것 같습니다.
KO 1: 당신을 구조하기 전날, 우리는 개들이 끄는 썰매에 한 남자가 타고 얼음 위를 가로지르는 것을 보았으니까요."
ID 18: EN(3) KO(4)
Mismatch at ID 18:
EN 0: This aroused the stranger’s attention, and he asked a multitude of
questions concerning the route which the dæmon, as he called him, had
pursued.
EN 1: Soon after, when he was alone with me, he said, “I have,
doubtless, excited your curiosity, as well as that of these good
people;
EN 2: but you are too considerate to make inquiries.”
KO 0: 이 말은 낯선 사람의 주의를 끌었고, 그는 그가 악마라고 부르던 자가 지나간 경로에 대해 수많은 질문을 쏟아냈습니다.
KO 1: 잠시 후 저와 단둘이 있게 되자 그가 말했습니다.
KO 2: "내가 저 선량한 사람들은 물론이고 당신의 호기심까지 자극한 것이 틀림없군요.
KO 3: 하지만 당신은 너무 사려 깊어서 차마 묻지 못하고 있군요."
ID 19: EN(2) KO(2)
ID 20: EN(2) KO(1)
Mismatch at ID 20:
EN 0: “And yet you rescued me from a strange and perilous situation;
EN 1: you have
benevolently restored me to life.”
KO 0: "그런데도 당신은 기이하고 위험한 상황에서 나를 구출해 주었고, 자비롭게도 내 생명을 되찾아 주었소."
ID 21: EN(3) KO(2)
Mismatch at ID 21:
EN 0: Soon after this he inquired if I thought that the breaking up of the
ice had destroyed the other sledge.
EN 1: I replied that I could not answer
with any degree of certainty, for the ice had not broken until near
midnight, and the traveller might have arrived at a place of safety
before that time;
EN 2: but of this I could not judge.
KO 0: 얼마 지나지 않아 그는 얼음이 깨지면서 다른 썰매도 부서졌을 것 같은지 제게 물었습니다.
KO 1: 저는 밤이 깊어서야 얼음이 깨졌고 그 여행자는 그 전에 안전한 곳에 도착했을 수도 있으므로 확실하게 대답할 수는 없으며, 저로서는 짐작할 길이 없다고 대답했습니다.
ID 22: EN(4) KO(3)
Mismatch at ID 22:
EN 0: From this time a new spirit of life animated the decaying frame of the
stranger.
EN 1: He manifested the greatest eagerness to be upon deck to watch for
the sledge which had before appeared;
EN 2: but I have persuaded him to remain in
the cabin, for he is far too weak to sustain the rawness of the atmosphere.
EN 3: I have promised that someone should watch for him and give him instant
notice if any new object should appear in sight.
KO 0: 이때부터 새로운 생명의 기운이 이 낯선 남자의 쇠약해진 육체에 불어넣어졌습니다.
KO 1: 그는 이전에 나타났던 썰매를 감시하기 위해 갑판으로 올라가고 싶어 하는 강한 열망을 보였지만, 저는 대기의 매서운 추위를 견디기엔 그가 너무 약하다며 선실에 머물도록 설득했습니다.
KO 2: 대신 누군가를 시켜 그를 위해 망을 보게 하고, 시야에 새로운 것이 나타나면 즉시 알려주겠다고 약속했습니다.
ID 23: EN(5) KO(5)
ID 24: EN(2) KO(2)
ID 25: EN(1) KO(1)
ID 26: EN(1) KO(1)
ID 27: EN(5) KO(4)
Mismatch at ID 27:
EN 0: My affection for my guest increases every day.
EN 1: He excites at once my
admiration and my pity to an astonishing degree.
EN 2: How can I see so
noble a creature destroyed by misery without feeling the most poignant
grief?
EN 3: He is so gentle, yet so wise;
EN 4: his mind is so cultivated, and
when he speaks, although his words are culled with the choicest art,
yet they flow with rapidity and unparalleled eloquence.
KO 0: 제 손님에 대한 애정은 날이 갈수록 깊어지고 있습니다.
KO 1: 그는 놀라울 정도로 저의 경탄과 연민을 동시에 불러일으킵니다.
KO 2: 저토록 고귀한 생명체가 불행에 의해 파괴되는 것을 보면서 어찌 가장 뼈저린 슬픔을 느끼지 않을 수 있겠습니까?
KO 3: 그는 너무나 부드러우면서도 지혜롭고, 그의 마음은 몹시 교양으로 채워져 있으며, 말을 할 때면 비록 가장 정선된 예술적인 단어들을 골라 쓰지만 그 말들은 유창하고 타의 추종을 불허하는 웅변처럼 빠르게 흘러나옵니다.
ID 28: EN(16) KO(15)
Mismatch at ID 28:
EN 0: He is now much recovered from his illness and is continually on the deck,
apparently watching for the sledge that preceded his own.
EN 1: Yet, although
unhappy, he is not so utterly occupied by his own misery but that he
interests himself deeply in the projects of others.
EN 2: He has frequently
conversed with me on mine, which I have communicated to him without
disguise.
EN 3: He entered attentively into all my arguments in favour of my
eventual success and into every minute detail of the measures I had taken
to secure it.
EN 4: I was easily led by the sympathy which he evinced to use the
language of my heart, to give utterance to the burning ardour of my soul
and to say, with all the fervour that warmed me, how gladly I would
sacrifice my fortune, my existence, my every hope, to the furtherance of my
enterprise.
EN 5: One man’s life or death were but a small price to pay for
the acquirement of the knowledge which I sought, for the dominion I should
acquire and transmit over the elemental foes of our race.
EN 6: As I spoke, a
dark gloom spread over my listener’s countenance.
EN 7: At first I
perceived that he tried to suppress his emotion;
EN 8: he placed his hands before
his eyes, and my voice quivered and failed me as I beheld tears trickle
fast from between his fingers;
EN 9: a groan burst from his heaving breast.
EN 10: I
paused;
EN 11: at length he spoke, in broken accents: “Unhappy man!
EN 12: Do you
share my madness?
EN 13: Have you drunk also of the intoxicating draught?
EN 14: Hear me;
EN 15: let me reveal my tale, and you will dash the cup from your lips!”
KO 0: 그는 이제 병에서 많이 회복되었고, 자신의 앞을 지나갔던 썰매를 감시하기 위해 계속 갑판에 나와 있습니다.
KO 1: 그러나 비록 불행해 보이긴 해도 그는 자신의 비애에만 완전히 몰두해 있지는 않으며, 다른 사람의 계획에 깊은 관심을 보입니다.
KO 2: 그는 자주 저의 계획에 대해 대화를 나누었고, 저는 그에게 숨김없이 제 뜻을 전했습니다.
KO 3: 그는 저의 최종적인 성공을 지지하는 저의 모든 주장들과 그것을 확보하기 위해 제가 취한 조치들의 사소한 세부 사항에 주의 깊게 귀를 기울였습니다.
KO 4: 저는 그가 보여주는 공감에 이끌려 어느새 제 마음의 언어를 사용하게 되었고, 제 영혼을 불태우는 열정을 터놓았으며, 이 탐험의 추진을 위해서라면 저의 재산과 존재, 제 모든 희망을 기꺼이 희생할 수 있다는 저를 데우는 그 모든 열기를 담아 말했습니다.
KO 5: 제가 추구하는 지식을 얻기 위해, 인류의 원초적인 적들에 대한 지배력을 획득하고 후대에 물려주기 위해서라면 한 사람의 생사쯤은 지불하기에 작은 대가에 불과했습니다.
KO 6: 제가 말을 잇는 동안 경청하던 그의 얼굴 위로 짙은 우울함이 번졌습니다.
KO 7: 처음엔 그가 감정을 억누르려 애쓰는 것이 보였습니다.
KO 8: 그는 손으로 눈을 가렸으나 손가락 사이로 눈물이 빠르게 흘러내리는 것을 본 순간 저의 목소리는 떨리며 잦아들었고, 그의 들썩이는 가슴에서는 신음이 터져 나왔습니다.
KO 9: 저는 말을 멈췄고 마침내 그가 끊어지는 듯한 억양으로 말했습니다.
KO 10: "불행한 사람!
KO 11: 당신마저 나와 이 광기를 나누려 하는가?
KO 12: 당신 또한 그 치명적인 독배를 마셨단 말인가?
KO 13: 내 말을 들으시오.
KO 14: 내 이야기를 밝힐 테니, 듣고 나면 당신도 입술에서 그 잔을 팽개치게 될 것이오!"
ID 29: EN(2) KO(2)
ID 30: EN(5) KO(4)
Mismatch at ID 30:
EN 0: Having conquered the violence of his feelings, he appeared to despise
himself for being the slave of passion;
EN 1: and quelling the dark tyranny of
despair, he led me again to converse concerning myself personally.
EN 2: He asked
me the history of my earlier years.
EN 3: The tale was quickly told, but it
awakened various trains of reflection.
EN 4: I spoke of my desire of finding a
friend, of my thirst for a more intimate sympathy with a fellow mind than
had ever fallen to my lot, and expressed my conviction that a man could
boast of little happiness who did not enjoy this blessing.
KO 0: 감정의 격동을 이겨낸 후 그는 자신이 정념의 노예가 된 것에 대해 스스로를 경멸하는 듯했고, 절망의 어두운 폭정을 억누르며 저의 개인적인 이야기에 대한 대화로 이끌었습니다.
KO 1: 그는 제 어린 시절의 역사를 물었습니다.
KO 2: 이야기는 금방 끝났으나 그것은 다양한 생각의 고리들을 일깨워주었습니다.
KO 3: 저는 친구를 찾고자 하는 제 열망, 제가 겪어본 적 없는 동료와의 더 깊고 친밀한 공감에 대한 갈증에 대해 이야기했고, 이런 축복을 누리지 못하는 사람은 행복을 거의 자랑할 수 없을 거라는 제 확신을 표출했습니다.
ID 31: EN(5) KO(8)
Mismatch at ID 31:
EN 0: “I agree with you,” replied the stranger;
EN 1: “we are
unfashioned creatures, but half made up, if one wiser, better, dearer than
ourselves—such a friend ought to be—do not lend his aid to
perfectionate our weak and faulty natures.
EN 2: I once had a friend, the most
noble of human creatures, and am entitled, therefore, to judge respecting
friendship.
EN 3: You have hope, and the world before you, and have no cause for
despair.
EN 4: But I—I have lost everything and cannot begin life
anew.”
KO 0: "동의하오."
KO 1: 낯선 남자가 대답했습니다.
KO 2: "우리는 미완성의 생명체들, 반쪽짜리에 불과하여 우리보다 더 현명하고 훌륭하며 사랑스러운 누군가가 우리의 나약하고 결함 있는 본성을 완벽하게 해주도록 도와주지 않으면 안 되오.
KO 3: 친구란 응당 그래야 하오.
KO 4: 나에게도 한때 인간 중에 가장 고결한 친구가 있었소.
KO 5: 그러니 나는 우정에 관해 판단할 자격이 있지.
KO 6: 당신에게는 희망이 있고 세계가 당신 앞에 놓여 있으니 절망할 이유가 없소.
KO 7: 하지만 나는 모든 것을 잃었고 삶을 새로 시작할 수조차 없다오."
ID 32: EN(2) KO(2)
ID 33: EN(3) KO(4)
Mismatch at ID 33:
EN 0: Even broken in spirit as he is, no one can feel more deeply than he
does the beauties of nature.
EN 1: The starry sky, the sea, and every sight
afforded by these wonderful regions seem still to have the power of
elevating his soul from earth.
EN 2: Such a man has a double existence: he
may suffer misery and be overwhelmed by disappointments, yet when he
has retired into himself, he will be like a celestial spirit that has a
halo around him, within whose circle no grief or folly ventures.
KO 0: 비록 영혼이 꺾이긴 했으나, 그보다 더 깊이 자연의 아름다움을 느끼는 사람은 없을 것입니다.
KO 1: 별이 빛나는 밤하늘, 바다, 그리고 이 경이로운 지역들이 선사하는 모든 광경은 여전히 그의 영혼을 지상에서 끌어올리는 힘을 가진 듯합니다.
KO 2: 그런 사람은 이중적인 존재를 지니고 있습니다.
KO 3: 불행에 시달리고 실망에 압도될 수도 있지만, 그가 자신의 내면으로 물러났을 때 그는 주위에 광배를 두른 천상의 정령과도 같아서 그 원 안으로는 어떤 슬픔이나 어리석음도 감히 침범하지 못합니다.
ID 34: EN(7) KO(6)
Mismatch at ID 34:
EN 0: Will you smile at the enthusiasm I express concerning this divine
wanderer?
EN 1: You would not if you saw him.
EN 2: You have been tutored and
refined by books and retirement from the world, and you are therefore
somewhat fastidious;
EN 3: but this only renders you the more fit to
appreciate the extraordinary merits of this wonderful man.
EN 4: Sometimes I
have endeavoured to discover what quality it is which he possesses that
elevates him so immeasurably above any other person I ever knew.
EN 5: I
believe it to be an intuitive discernment, a quick but never-failing
power of judgment, a penetration into the causes of things, unequalled
for clearness and precision;
EN 6: add to this a facility of expression and a
voice whose varied intonations are soul-subduing music.
KO 0: 제가 이 신성한 방랑자에 대해 표현하는 열정에 누님은 미소 지으시겠습니까?
KO 1: 그를 직접 보신다면 그러지 못하실 겁니다.
KO 2: 누님은 책과 세상과 떨어진 은둔을 통해 가르침을 받고 세련되어졌기에 다소 까다로우시지만, 이 점이 오히려 누님이 이 경이로운 사람의 특별한 장점들을 진정으로 알아볼 수 있게 해줍니다.
KO 3: 때때로 저는 그가 가진 어떤 자질이 그토록 그를 제가 알던 어떤 사람과도 비할 수 없을 만큼 높이 끌어올리는지 발견하려 애썼습니다.
KO 4: 저는 그것이 직관적인 통찰력, 빠르면서도 결코 실패하지 않는 판단력, 사물의 원인을 꿰뚫어 보는 명쾌함과 정확성에 있어 타의 추종을 불허하는 통찰력이라고 믿습니다.
KO 5: 이에 더해 표현의 유창함과 그 다양한 억양이 영혼을 굴복시키는 음악과도 같은 목소리를 지니고 있습니다.
ID 35: EN(1) KO(1)
ID 36: EN(10) KO(12)
Mismatch at ID 36:
EN 0: Yesterday the stranger said to me, “You may easily perceive, Captain
Walton, that I have suffered great and unparalleled misfortunes.
EN 1: I had
determined at one time that the memory of these evils should die with
me, but you have won me to alter my determination.
EN 2: You seek for
knowledge and wisdom, as I once did;
EN 3: and I ardently hope that the
gratification of your wishes may not be a serpent to sting you, as mine
has been.
EN 4: I do not know that the relation of my disasters will be
useful to you;
EN 5: yet, when I reflect that you are pursuing the same
course, exposing yourself to the same dangers which have rendered me
what I am, I imagine that you may deduce an apt moral from my tale, one
that may direct you if you succeed in your undertaking and console you
in case of failure.
EN 6: Prepare to hear of occurrences which are usually
deemed marvellous.
EN 7: Were we among the tamer scenes of nature I might
fear to encounter your unbelief, perhaps your ridicule;
EN 8: but many things
will appear possible in these wild and mysterious regions which would
provoke the laughter of those unacquainted with the ever-varied powers
of nature;
EN 9: nor can I doubt but that my tale conveys in its series
internal evidence of the truth of the events of which it is composed.”
KO 0: 어제 그 낯선 남자가 내게 말했습니다.
KO 1: "월턴 선장, 당신은 내가 비할 데 없이 크나큰 불행을 겪었다는 것을 쉽게 알아차렸을 거요.
KO 2: 한때 나는 이 재앙들의 기억이 나와 함께 죽어야 한다고 결심했지만, 당신은 내가 그 결심을 바꾸도록 만들었소.
KO 3: 당신은 한때 내가 그랬듯이 지식과 지혜를 추구하고 있소.
KO 4: 나는 당신의 소망을 충족시키는 일이 내게 그랬던 것처럼 당신을 찌르는 독사가 되지 않기를 간절히 바라고 있소.
KO 5: 내 재앙의 이야기가 당신에게 유용할지는 모르겠소.
KO 6: 하지만 당신이 같은 길을 가고 있고, 나를 이 꼴로 만든 바로 그 위험들에 당신 자신을 노출시키고 있다는 것을 생각하면, 당신이 내 이야기에서 적절한 교훈을 이끌어낼 수 있을 거라 생각하오.
KO 7: 당신이 모험에 성공한다면 길잡이가 되어주고, 실패할 경우에는 위로가 될 수 있는 그런 교훈 말이오.
KO 8: 흔히 경이롭다고 여겨지는 일들에 대해 들을 준비를 하시오.
KO 9: 우리가 자연의 온화한 풍경 속에 있다면 나는 당신의 불신과 어쩌면 조롱에 부딪힐까 두려워했을 것이오.
KO 10: 하지만 끊임없이 변화하는 자연의 힘을 모르는 자들이라면 폭소를 터뜨릴 만한 많은 일들도 이 거칠고 신비로운 지역에서는 가능해 보일 것이오.
KO 11: 또한 내 이야기가 전개되는 과정 자체가 그 속에 담긴 사건들이 진실이라는 내적인 증거를 전달할 것임을 의심치 않소."
ID 37: EN(3) KO(3)
ID 38: EN(7) KO(10)
Mismatch at ID 38:
EN 0: “I thank you,” he replied, “for your sympathy, but it is
useless;
EN 1: my fate is nearly fulfilled.
EN 2: I wait but for one event, and then I
shall repose in peace.
EN 3: I understand your feeling,” continued he,
perceiving that I wished to interrupt him;
EN 4: “but you are mistaken, my
friend, if thus you will allow me to name you;
EN 5: nothing can alter my
destiny;
EN 6: listen to my history, and you will perceive how irrevocably it is
determined.”
KO 0: 그가 대답했습니다.
KO 1: "당신의 동정에는 감사하오만 소용없는 일이오.
KO 2: 내 운명은 거의 성취되었으니까.
KO 3: 나는 단 한 가지 사건만을 기다리고 있고, 그러고 나면 평화롭게 잠들 수 있을 거요.
KO 4: 나는 당신의 심정을 이해하오."
KO 5: 그는 제가 말을 가로막고 싶어 하는 것을 눈치채고 계속 이어갔습니다.
KO 6: "하지만 친구, 당신을 그렇게 불러도 된다면 말이오, 당신이 뭔가 착각하고 있는 거요.
KO 7: 무엇도 내 운명을 바꿀 수는 없소.
KO 8: 내 이야기를 들어보시오.
KO 9: 그러면 그 운명이 얼마나 돌이킬 수 없게 결정되었는지 당신도 깨닫게 될 거요."
ID 39: EN(10) KO(9)
Mismatch at ID 39:
EN 0: He then told me that he would commence his narrative the next day when I
should be at leisure.
EN 1: This promise drew from me the warmest thanks.
EN 2: I have
resolved every night, when I am not imperatively occupied by my duties, to
record, as nearly as possible in his own words, what he has related during
the day.
EN 3: If I should be engaged, I will at least make notes.
EN 4: This
manuscript will doubtless afford you the greatest pleasure;
EN 5: but to me, who
know him, and who hear it from his own lips—with what interest and
sympathy shall I read it in some future day!
EN 6: Even now, as I commence my
task, his full-toned voice swells in my ears;
EN 7: his lustrous eyes dwell on me
with all their melancholy sweetness;
EN 8: I see his thin hand raised in
animation, while the lineaments of his face are irradiated by the soul
within.
EN 9: Strange and harrowing must be his story, frightful the storm which
embraced the gallant vessel on its course and wrecked it—thus!
KO 0: 그리고 나서 그는 제가 한가할 때인 다음 날 자신의 이야기를 시작하겠다고 말했습니다.
KO 1: 이 약속은 내게서 가장 따뜻한 감사를 이끌어냈습니다.
KO 2: 저는 매일 밤 의무적으로 바쁘지 않을 때마다, 그가 낮 동안 이야기한 것을 가능한 한 그의 자신의 말에 가깝게 기록하기로 결심했습니다.
KO 3: 만약 바쁜 일이 생긴다면 적어도 메모라도 남길 작정입니다.
KO 4: 이 원고는 틀림없이 누님께 가장 큰 즐거움을 선사할 것입니다.
KO 5: 하지만 그를 알고 그의 입술에서 직접 그것을 듣는 저로서는 훗날 이 기록을 읽을 때 얼마나 큰 흥미와 공감을 느끼게 될까요!
KO 6: 지금 이 작업을 시작하는 순간에도 그의 낭랑한 목소리가 제 귓가에 맴돌고, 그의 빛나는 두 눈은 특유의 우울한 다정함을 담은 채 저를 머물러 봅니다.
KO 7: 내면에 깃든 영혼에 의해 얼굴의 윤곽이 빛나는 동안, 생동감 있게 들어 올려진 그의 야윈 손이 보입니다.
KO 8: 그의 이야기는 얼마나 기이하고 끔찍할 것이며, 용감한 배를 항로 위에서 껴안고 이처럼 난파시켜버린 폭풍은 얼마나 무시무시할는지요!